// Jest Snapshot v1, https://goo.gl/fbAQLP

exports[`Pagination should render Pagination component correctly 1`] = `
<Pagination
  metadata={
    Object {
      "page": 1,
      "perPage": 10,
      "totalCount": 450,
    }
  }
  onPageChange={[MockFunction]}
>
  <div
    className="mx-auto visible"
  >
    <a
      activePage={1}
      firstPageText="«"
      getPageUrl={[Function]}
      hideFirstLastPages={false}
      innerClass="pagination"
      itemClass="page-item"
      itemsCountPerPage={10}
      lastPageText="»"
      nextPageText="⟩"
      onChange={[MockFunction]}
      pageRangeDisplayed={10}
      prevPageText="⟨"
      totalItemsCount={450}
    >
      <ul
        className="pagination"
      >
        <t
          activeClass="active"
          disabledClass="disabled"
          href="#"
          isActive={false}
          isDisabled={true}
          itemClass="page-item"
          key="first"
          linkClass=""
          onClick={[MockFunction]}
          pageNumber={1}
          pageText="«"
        >
          <li
            className="page-item disabled"
            onClick={[Function]}
          >
            <a
              className=""
              href="#"
            >
              «
            </a>
          </li>
        </t>
        <t
          activeClass="active"
          disabledClass="disabled"
          href="#"
          isActive={false}
          isDisabled={true}
          itemClass="page-item"
          key="prev0"
          linkClass=""
          onClick={[MockFunction]}
          pageNumber={0}
          pageText="⟨"
        >
          <li
            className="page-item disabled"
            onClick={[Function]}
          >
            <a
              className=""
              href="#"
            >
              ⟨
            </a>
          </li>
        </t>
        <t
          activeClass="active"
          disabledClass="disabled"
          href="#"
          isActive={true}
          isDisabled={false}
          itemClass="page-item"
          key="1"
          onClick={[MockFunction]}
          pageNumber={1}
          pageText="1"
        >
          <li
            className="page-item active"
            onClick={[Function]}
          >
            <a
              className="undefined"
              href="#"
            >
              1
            </a>
          </li>
        </t>
        <t
          activeClass="active"
          disabledClass="disabled"
          href="#"
          isActive={false}
          isDisabled={false}
          itemClass="page-item"
          key="2"
          onClick={[MockFunction]}
          pageNumber={2}
          pageText="2"
        >
          <li
            className="page-item"
            onClick={[Function]}
          >
            <a
              className=""
              href="#"
            >
              2
            </a>
          </li>
        </t>
        <t
          activeClass="active"
          disabledClass="disabled"
          href="#"
          isActive={false}
          isDisabled={false}
          itemClass="page-item"
          key="3"
          onClick={[MockFunction]}
          pageNumber={3}
          pageText="3"
        >
          <li
            className="page-item"
            onClick={[Function]}
          >
            <a
              className=""
              href="#"
            >
              3
            </a>
          </li>
        </t>
        <t
          activeClass="active"
          disabledClass="disabled"
          href="#"
          isActive={false}
          isDisabled={false}
          itemClass="page-item"
          key="4"
          onClick={[MockFunction]}
          pageNumber={4}
          pageText="4"
        >
          <li
            className="page-item"
            onClick={[Function]}
          >
            <a
              className=""
              href="#"
            >
              4
            </a>
          </li>
        </t>
        <t
          activeClass="active"
          disabledClass="disabled"
          href="#"
          isActive={false}
          isDisabled={false}
          itemClass="page-item"
          key="5"
          onClick={[MockFunction]}
          pageNumber={5}
          pageText="5"
        >
          <li
            className="page-item"
            onClick={[Function]}
          >
            <a
              className=""
              href="#"
            >
              5
            </a>
          </li>
        </t>
        <t
          activeClass="active"
          disabledClass="disabled"
          href="#"
          isActive={false}
          isDisabled={false}
          itemClass="page-item"
          key="6"
          onClick={[MockFunction]}
          pageNumber={6}
          pageText="6"
        >
          <li
            className="page-item"
            onClick={[Function]}
          >
            <a
              className=""
              href="#"
            >
              6
            </a>
          </li>
        </t>
        <t
          activeClass="active"
          disabledClass="disabled"
          href="#"
          isActive={false}
          isDisabled={false}
          itemClass="page-item"
          key="7"
          onClick={[MockFunction]}
          pageNumber={7}
          pageText="7"
        >
          <li
            className="page-item"
            onClick={[Function]}
          >
            <a
              className=""
              href="#"
            >
              7
            </a>
          </li>
        </t>
        <t
          activeClass="active"
          disabledClass="disabled"
          href="#"
          isActive={false}
          isDisabled={false}
          itemClass="page-item"
          key="8"
          onClick={[MockFunction]}
          pageNumber={8}
          pageText="8"
        >
          <li
            className="page-item"
            onClick={[Function]}
          >
            <a
              className=""
              href="#"
            >
              8
            </a>
          </li>
        </t>
        <t
          activeClass="active"
          disabledClass="disabled"
          href="#"
          isActive={false}
          isDisabled={false}
          itemClass="page-item"
          key="9"
          onClick={[MockFunction]}
          pageNumber={9}
          pageText="9"
        >
          <li
            className="page-item"
            onClick={[Function]}
          >
            <a
              className=""
              href="#"
            >
              9
            </a>
          </li>
        </t>
        <t
          activeClass="active"
          disabledClass="disabled"
          href="#"
          isActive={false}
          isDisabled={false}
          itemClass="page-item"
          key="10"
          onClick={[MockFunction]}
          pageNumber={10}
          pageText="10"
        >
          <li
            className="page-item"
            onClick={[Function]}
          >
            <a
              className=""
              href="#"
            >
              10
            </a>
          </li>
        </t>
        <t
          activeClass="active"
          disabledClass="disabled"
          href="#"
          isActive={false}
          isDisabled={false}
          itemClass="page-item"
          key="next2"
          linkClass=""
          onClick={[MockFunction]}
          pageNumber={2}
          pageText="⟩"
        >
          <li
            className="page-item"
            onClick={[Function]}
          >
            <a
              className=""
              href="#"
            >
              ⟩
            </a>
          </li>
        </t>
        <t
          activeClass="active"
          disabledClass="disabled"
          href="#"
          isActive={false}
          isDisabled={false}
          itemClass="page-item"
          key="last"
          linkClass=""
          onClick={[MockFunction]}
          pageNumber={45}
          pageText="»"
        >
          <li
            className="page-item"
            onClick={[Function]}
          >
            <a
              className=""
              href="#"
            >
              »
            </a>
          </li>
        </t>
      </ul>
    </a>
  </div>
</Pagination>
`;
